2026-01-29 10:49:47,081 - INFO - ================================================================================
2026-01-29 10:49:47,082 - INFO - PPG Signal Quality Table Generator
2026-01-29 10:49:47,083 - INFO - ================================================================================
2026-01-29 10:49:47,084 - INFO - --------------------------------------------------------------------------------
2026-01-29 10:49:47,085 - INFO - Processing: 3mm_adjusted_data1.csv (Depth: 3mm, State: Normal)
2026-01-29 10:49:47,212 - INFO - Loaded: 3mm_adjusted_data1.csv (61200 rows)
2026-01-29 10:49:47,225 - INFO -   Red: SNR = 15.33 dB, PI = 0.0573%
2026-01-29 10:49:47,230 - INFO -   IR: SNR = 18.78 dB, PI = 0.0992%
2026-01-29 10:49:47,231 - INFO - --------------------------------------------------------------------------------
2026-01-29 10:49:47,231 - INFO - Processing: 3mm_adjusted_data2.csv (Depth: 3mm, State: Ischaemia)
2026-01-29 10:49:47,293 - INFO - Loaded: 3mm_adjusted_data2.csv (61200 rows)
2026-01-29 10:49:47,298 - INFO -   Red: SNR = 11.26 dB, PI = 0.0346%
2026-01-29 10:49:47,305 - INFO -   IR: SNR = 17.36 dB, PI = 0.0729%
2026-01-29 10:49:47,307 - INFO - --------------------------------------------------------------------------------
2026-01-29 10:49:47,307 - INFO - Processing: 3mm_adjusted_data3.csv (Depth: 3mm, State: Congestion)
2026-01-29 10:49:47,360 - INFO - Loaded: 3mm_adjusted_data3.csv (61600 rows)
2026-01-29 10:49:47,363 - INFO -   Red: SNR = 15.15 dB, PI = 0.0833%
2026-01-29 10:49:47,366 - INFO -   IR: SNR = 19.59 dB, PI = 0.0741%
2026-01-29 10:49:47,366 - INFO - --------------------------------------------------------------------------------
2026-01-29 10:49:47,367 - INFO - Processing: 9mm_adjusted_data1.csv (Depth: 9mm, State: Normal)
2026-01-29 10:49:47,411 - INFO - Loaded: 9mm_adjusted_data1.csv (61600 rows)
2026-01-29 10:49:47,416 - INFO -   Red: SNR = 6.70 dB, PI = 0.0246%
2026-01-29 10:49:47,424 - INFO -   IR: SNR = 17.93 dB, PI = 0.0406%
2026-01-29 10:49:47,425 - INFO - --------------------------------------------------------------------------------
2026-01-29 10:49:47,425 - INFO - Processing: 9mm_adjusted_data2.csv (Depth: 9mm, State: Ischaemia)
2026-01-29 10:49:47,472 - INFO - Loaded: 9mm_adjusted_data2.csv (61201 rows)
2026-01-29 10:49:47,480 - INFO -   Red: SNR = 3.71 dB, PI = 0.0194%
2026-01-29 10:49:47,484 - INFO -   IR: SNR = 14.92 dB, PI = 0.0281%
2026-01-29 10:49:47,486 - INFO - --------------------------------------------------------------------------------
2026-01-29 10:49:47,487 - INFO - Processing: 9mm_adjusted_data3.csv (Depth: 9mm, State: Congestion)
2026-01-29 10:49:47,524 - INFO - Loaded: 9mm_adjusted_data3.csv (61600 rows)
2026-01-29 10:49:47,530 - INFO -   Red: SNR = 7.91 dB, PI = 0.0251%
2026-01-29 10:49:47,532 - INFO -   IR: SNR = 17.96 dB, PI = 0.0397%
2026-01-29 10:49:47,533 - INFO - --------------------------------------------------------------------------------
2026-01-29 10:49:47,533 - INFO - Processing: 15mm_adjusted_data1.csv (Depth: 15mm, State: Normal)
2026-01-29 10:49:47,571 - INFO - Loaded: 15mm_adjusted_data1.csv (61600 rows)
2026-01-29 10:49:47,574 - INFO -   Red: SNR = 4.36 dB, PI = 0.0212%
2026-01-29 10:49:47,577 - INFO -   IR: SNR = 15.44 dB, PI = 0.0262%
2026-01-29 10:49:47,577 - INFO - --------------------------------------------------------------------------------
2026-01-29 10:49:47,578 - INFO - Processing: 15mm_adjusted_data2.csv (Depth: 15mm, State: Ischaemia)
2026-01-29 10:49:47,633 - INFO - Loaded: 15mm_adjusted_data2.csv (61200 rows)
2026-01-29 10:49:47,635 - INFO -   Red: SNR = 1.33 dB, PI = 0.0197%
2026-01-29 10:49:47,638 - INFO -   IR: SNR = 11.00 dB, PI = 0.0213%
2026-01-29 10:49:47,638 - INFO - --------------------------------------------------------------------------------
2026-01-29 10:49:47,638 - INFO - Processing: 15mm_adjusted_data3.csv (Depth: 15mm, State: Congestion)
2026-01-29 10:49:47,670 - INFO - Loaded: 15mm_adjusted_data3.csv (61200 rows)
2026-01-29 10:49:47,673 - INFO -   Red: SNR = 1.51 dB, PI = 0.0240%
2026-01-29 10:49:47,675 - INFO -   IR: SNR = 14.71 dB, PI = 0.0272%
2026-01-29 10:49:47,676 - INFO - --------------------------------------------------------------------------------
2026-01-29 10:49:47,676 - INFO - Processing: 21mm_adjusted_data1.csv (Depth: 21mm, State: Normal)
2026-01-29 10:49:47,711 - INFO - Loaded: 21mm_adjusted_data1.csv (60800 rows)
2026-01-29 10:49:47,715 - INFO -   Red: SNR = 3.42 dB, PI = 0.0201%
2026-01-29 10:49:47,718 - INFO -   IR: SNR = 11.17 dB, PI = 0.0238%
2026-01-29 10:49:47,719 - INFO - --------------------------------------------------------------------------------
2026-01-29 10:49:47,719 - INFO - Processing: 21mm_adjusted_data2.csv (Depth: 21mm, State: Ischaemia)
2026-01-29 10:49:47,755 - INFO - Loaded: 21mm_adjusted_data2.csv (60800 rows)
2026-01-29 10:49:47,758 - INFO -   Red: SNR = 1.78 dB, PI = 0.0233%
2026-01-29 10:49:47,761 - INFO -   IR: SNR = 6.01 dB, PI = 0.0316%
2026-01-29 10:49:47,762 - INFO - --------------------------------------------------------------------------------
2026-01-29 10:49:47,762 - INFO - Processing: 21mm_adjusted_data3.csv (Depth: 21mm, State: Congestion)
2026-01-29 10:49:47,802 - INFO - Loaded: 21mm_adjusted_data3.csv (60800 rows)
2026-01-29 10:49:47,805 - INFO -   Red: SNR = 3.20 dB, PI = 0.0230%
2026-01-29 10:49:47,808 - INFO -   IR: SNR = 12.75 dB, PI = 0.0217%
2026-01-29 10:49:47,813 - INFO - 
✅ Quality table saved: signal_quality_table.csv
2026-01-29 10:49:47,813 - INFO - 
================================================================================
2026-01-29 10:49:47,814 - INFO - SIGNAL QUALITY TABLE (First 20 rows)
2026-01-29 10:49:47,815 - INFO - ================================================================================
2026-01-29 10:49:47,818 - INFO - 
================================================================================
2026-01-29 10:49:47,818 - INFO - QUALITY STATISTICS SUMMARY
2026-01-29 10:49:47,819 - INFO - ================================================================================
2026-01-29 10:49:47,819 - INFO - 
Overall Statistics:
2026-01-29 10:49:47,820 - INFO -   SNR: 10.55 ± 6.23 dB
2026-01-29 10:49:47,820 - INFO -   SNR Range: [1.33, 19.59] dB
2026-01-29 10:49:47,820 - INFO -   PI: 0.0368 ± 0.0229 %
2026-01-29 10:49:47,821 - INFO -   PI Range: [0.0194, 0.0992] %
2026-01-29 10:49:47,821 - INFO - 
By State:
2026-01-29 10:49:47,822 - INFO - 
  Normal:
2026-01-29 10:49:47,822 - INFO -     SNR: 11.64 ± 6.14 dB
2026-01-29 10:49:47,822 - INFO -     PI: 0.0391 ± 0.0274 %
2026-01-29 10:49:47,823 - INFO - 
  Ischaemia:
2026-01-29 10:49:47,823 - INFO -     SNR: 8.42 ± 6.09 dB
2026-01-29 10:49:47,823 - INFO -     PI: 0.0314 ± 0.0177 %
2026-01-29 10:49:47,824 - INFO - 
  Congestion:
2026-01-29 10:49:47,825 - INFO -     SNR: 11.60 ± 6.70 dB
2026-01-29 10:49:47,825 - INFO -     PI: 0.0398 ± 0.0248 %
2026-01-29 10:49:47,826 - INFO - 
By Channel:
2026-01-29 10:49:47,828 - INFO - 
  Red:
2026-01-29 10:49:47,829 - INFO -     SNR: 6.31 ± 5.08 dB
2026-01-29 10:49:47,830 - INFO -     PI: 0.0313 ± 0.0195 %
2026-01-29 10:49:47,831 - INFO - 
  IR:
2026-01-29 10:49:47,831 - INFO -     SNR: 14.80 ± 3.98 dB
2026-01-29 10:49:47,831 - INFO -     PI: 0.0422 ± 0.0256 %
2026-01-29 10:49:47,832 - INFO - 
By Depth:
2026-01-29 10:49:47,832 - INFO - 
  3mm:
2026-01-29 10:49:47,833 - INFO -     SNR: 16.25 ± 3.02 dB
2026-01-29 10:49:47,833 - INFO -     PI: 0.0702 ± 0.0222 %
2026-01-29 10:49:47,834 - INFO - 
  9mm:
2026-01-29 10:49:47,834 - INFO -     SNR: 11.52 ± 6.19 dB
2026-01-29 10:49:47,834 - INFO -     PI: 0.0296 ± 0.0087 %
2026-01-29 10:49:47,835 - INFO - 
  15mm:
2026-01-29 10:49:47,836 - INFO -     SNR: 8.06 ± 6.47 dB
2026-01-29 10:49:47,837 - INFO -     PI: 0.0233 ± 0.0030 %
2026-01-29 10:49:47,837 - INFO - 
  21mm:
2026-01-29 10:49:47,838 - INFO -     SNR: 6.39 ± 4.55 dB
2026-01-29 10:49:47,838 - INFO -     PI: 0.0239 ± 0.0040 %
2026-01-29 10:49:47,838 - INFO - 
================================================================================
2026-01-29 10:49:47,838 - INFO - PROCESSING SUMMARY
2026-01-29 10:49:47,839 - INFO - ================================================================================
2026-01-29 10:49:47,839 - INFO - Total files: 12
2026-01-29 10:49:47,839 - INFO - Successful: 12
2026-01-29 10:49:47,840 - INFO - Success rate: 100.0%
2026-01-29 10:49:47,840 - INFO - Total records: 24
2026-01-29 10:49:47,840 - INFO - Output file: signal_quality_table.csv
2026-01-29 10:49:47,840 - INFO - Log file: ppg_quality_table_20260129_104947.log
2026-01-29 10:49:47,841 - INFO - ================================================================================
2026-01-29 11:38:19,848 - INFO - ================================================================================
2026-01-29 11:38:19,849 - INFO - PPG Signal Quality (SNR) Table Generator
2026-01-29 11:38:19,849 - INFO - ================================================================================
2026-01-29 11:38:19,849 - INFO - --------------------------------------------------------------------------------
2026-01-29 11:38:19,850 - INFO - Processing: 3mm_adjusted_data1.csv (Depth: 3mm, State: Normal)
2026-01-29 11:38:19,961 - INFO - Loaded: 3mm_adjusted_data1.csv (61200 rows)
2026-01-29 11:38:19,983 - INFO -   Red: SNR = 15.33 dB
2026-01-29 11:38:19,987 - INFO -   IR: SNR = 18.78 dB
2026-01-29 11:38:19,987 - INFO - --------------------------------------------------------------------------------
2026-01-29 11:38:19,987 - INFO - Processing: 3mm_adjusted_data2.csv (Depth: 3mm, State: Ischaemia)
2026-01-29 11:38:20,035 - INFO - Loaded: 3mm_adjusted_data2.csv (61200 rows)
2026-01-29 11:38:20,040 - INFO -   Red: SNR = 11.26 dB
2026-01-29 11:38:20,042 - INFO -   IR: SNR = 17.36 dB
2026-01-29 11:38:20,042 - INFO - --------------------------------------------------------------------------------
2026-01-29 11:38:20,043 - INFO - Processing: 3mm_adjusted_data3.csv (Depth: 3mm, State: Congestion)
2026-01-29 11:38:20,088 - INFO - Loaded: 3mm_adjusted_data3.csv (61600 rows)
2026-01-29 11:38:20,093 - INFO -   Red: SNR = 15.15 dB
2026-01-29 11:38:20,098 - INFO -   IR: SNR = 19.59 dB
2026-01-29 11:38:20,098 - INFO - --------------------------------------------------------------------------------
2026-01-29 11:38:20,099 - INFO - Processing: 9mm_adjusted_data1.csv (Depth: 9mm, State: Normal)
2026-01-29 11:38:20,137 - INFO - Loaded: 9mm_adjusted_data1.csv (61600 rows)
2026-01-29 11:38:20,141 - INFO -   Red: SNR = 6.70 dB
2026-01-29 11:38:20,147 - INFO -   IR: SNR = 17.93 dB
2026-01-29 11:38:20,148 - INFO - --------------------------------------------------------------------------------
2026-01-29 11:38:20,148 - INFO - Processing: 9mm_adjusted_data2.csv (Depth: 9mm, State: Ischaemia)
2026-01-29 11:38:20,192 - INFO - Loaded: 9mm_adjusted_data2.csv (61201 rows)
2026-01-29 11:38:20,196 - INFO -   Red: SNR = 3.71 dB
2026-01-29 11:38:20,200 - INFO -   IR: SNR = 14.92 dB
2026-01-29 11:38:20,200 - INFO - --------------------------------------------------------------------------------
2026-01-29 11:38:20,200 - INFO - Processing: 9mm_adjusted_data3.csv (Depth: 9mm, State: Congestion)
2026-01-29 11:38:20,233 - INFO - Loaded: 9mm_adjusted_data3.csv (61600 rows)
2026-01-29 11:38:20,237 - INFO -   Red: SNR = 7.91 dB
2026-01-29 11:38:20,239 - INFO -   IR: SNR = 17.96 dB
2026-01-29 11:38:20,240 - INFO - --------------------------------------------------------------------------------
2026-01-29 11:38:20,240 - INFO - Processing: 15mm_adjusted_data1.csv (Depth: 15mm, State: Normal)
2026-01-29 11:38:20,288 - INFO - Loaded: 15mm_adjusted_data1.csv (61600 rows)
2026-01-29 11:38:20,292 - INFO -   Red: SNR = 4.36 dB
2026-01-29 11:38:20,294 - INFO -   IR: SNR = 15.44 dB
2026-01-29 11:38:20,294 - INFO - --------------------------------------------------------------------------------
2026-01-29 11:38:20,295 - INFO - Processing: 15mm_adjusted_data2.csv (Depth: 15mm, State: Ischaemia)
2026-01-29 11:38:20,331 - INFO - Loaded: 15mm_adjusted_data2.csv (61200 rows)
2026-01-29 11:38:20,334 - INFO -   Red: SNR = 1.33 dB
2026-01-29 11:38:20,336 - INFO -   IR: SNR = 11.00 dB
2026-01-29 11:38:20,336 - INFO - --------------------------------------------------------------------------------
2026-01-29 11:38:20,336 - INFO - Processing: 15mm_adjusted_data3.csv (Depth: 15mm, State: Congestion)
2026-01-29 11:38:20,367 - INFO - Loaded: 15mm_adjusted_data3.csv (61200 rows)
2026-01-29 11:38:20,370 - INFO -   Red: SNR = 1.51 dB
2026-01-29 11:38:20,372 - INFO -   IR: SNR = 14.71 dB
2026-01-29 11:38:20,372 - INFO - --------------------------------------------------------------------------------
2026-01-29 11:38:20,373 - INFO - Processing: 21mm_adjusted_data1.csv (Depth: 21mm, State: Normal)
2026-01-29 11:38:20,403 - INFO - Loaded: 21mm_adjusted_data1.csv (60800 rows)
2026-01-29 11:38:20,407 - INFO -   Red: SNR = 3.42 dB
2026-01-29 11:38:20,409 - INFO -   IR: SNR = 11.17 dB
2026-01-29 11:38:20,410 - INFO - --------------------------------------------------------------------------------
2026-01-29 11:38:20,410 - INFO - Processing: 21mm_adjusted_data2.csv (Depth: 21mm, State: Ischaemia)
2026-01-29 11:38:20,443 - INFO - Loaded: 21mm_adjusted_data2.csv (60800 rows)
2026-01-29 11:38:20,445 - INFO -   Red: SNR = 1.78 dB
2026-01-29 11:38:20,447 - INFO -   IR: SNR = 6.01 dB
2026-01-29 11:38:20,448 - INFO - --------------------------------------------------------------------------------
2026-01-29 11:38:20,448 - INFO - Processing: 21mm_adjusted_data3.csv (Depth: 21mm, State: Congestion)
2026-01-29 11:38:20,478 - INFO - Loaded: 21mm_adjusted_data3.csv (60800 rows)
2026-01-29 11:38:20,482 - INFO -   Red: SNR = 3.20 dB
2026-01-29 11:38:20,484 - INFO -   IR: SNR = 12.75 dB
2026-01-29 11:38:20,509 - INFO - 
✅ Quality table saved: signal_quality_table_snr.csv
2026-01-29 11:38:20,509 - INFO - 
================================================================================
2026-01-29 11:38:20,511 - INFO - SNR QUALITY TABLE (First 20 rows)
2026-01-29 11:38:20,511 - INFO - ================================================================================
2026-01-29 11:38:20,519 - INFO - 
================================================================================
2026-01-29 11:38:20,520 - INFO - SNR STATISTICS SUMMARY
2026-01-29 11:38:20,522 - INFO - ================================================================================
2026-01-29 11:38:20,524 - INFO - 
Overall Statistics:
2026-01-29 11:38:20,527 - INFO -   SNR: 10.55 ± 6.23 dB
2026-01-29 11:38:20,529 - INFO -   SNR Range: [1.33, 19.59] dB
2026-01-29 11:38:20,530 - INFO - 
By State:
2026-01-29 11:38:20,533 - INFO -   Normal: SNR: 11.64 ± 6.14 dB
2026-01-29 11:38:20,539 - INFO -   Ischaemia: SNR: 8.42 ± 6.09 dB
2026-01-29 11:38:20,543 - INFO -   Congestion: SNR: 11.60 ± 6.70 dB
2026-01-29 11:38:20,544 - INFO - 
By Channel:
2026-01-29 11:38:20,547 - INFO -   Red: SNR: 6.31 ± 5.08 dB
2026-01-29 11:38:20,551 - INFO -   IR: SNR: 14.80 ± 3.98 dB
2026-01-29 11:38:20,552 - INFO - 
By Depth:
2026-01-29 11:38:20,554 - INFO -   3mm: SNR: 16.25 ± 3.02 dB
2026-01-29 11:38:20,556 - INFO -   9mm: SNR: 11.52 ± 6.19 dB
2026-01-29 11:38:20,558 - INFO -   15mm: SNR: 8.06 ± 6.47 dB
2026-01-29 11:38:20,560 - INFO -   21mm: SNR: 6.39 ± 4.55 dB
2026-01-29 11:38:20,562 - INFO - 
================================================================================
2026-01-29 11:38:20,566 - INFO - PROCESSING SUMMARY
2026-01-29 11:38:20,567 - INFO - ================================================================================
2026-01-29 11:38:20,573 - INFO - Total files: 12
2026-01-29 11:38:20,576 - INFO - Successful: 12
2026-01-29 11:38:20,576 - INFO - Success rate: 100.0%
2026-01-29 11:38:20,577 - INFO - Output file: signal_quality_table_snr.csv
2026-01-29 11:38:20,577 - INFO - ================================================================================
